
Composition Table (Energy Statistics)
-------------------------------------------------------------------
 n_Li     x        E_min (eV)      E_avg (eV)      E_max (eV)
-------------------------------------------------------------------
    0    0.000   -1353.612623   -1353.612623   -1353.612623
    1    0.031   -1358.748945   -1358.748945   -1358.748945
    2    0.062   -1363.947630   -1363.889429   -1363.805505
    3    0.094   -1369.186636   -1369.061889   -1368.917911
    4    0.125   -1374.476014   -1374.286515   -1374.109849
    5    0.156   -1379.701839   -1379.449270   -1379.261082
    6    0.188   -1385.044673   -1384.691037   -1384.430370
    7    0.219   -1390.289813   -1389.916679   -1389.387093
    8    0.250   -1395.437312   -1395.220594   -1394.922482
    9    0.281   -1400.791996   -1400.425239   -1399.958366
   10    0.312   -1406.044900   -1405.682522   -1405.312357
   11    0.344   -1411.524555   -1410.968188   -1410.361598
   12    0.375   -1416.798528   -1416.314174   -1415.567515
   13    0.406   -1422.005253   -1421.656786   -1421.215932
   14    0.438   -1427.487864   -1426.975439   -1426.576377
   15    0.469   -1432.775071   -1432.296935   -1431.797062
   16    0.500   -1438.157112   -1437.614263   -1436.991752
   17    0.531   -1443.366745   -1442.993218   -1442.558667
   18    0.562   -1448.797080   -1448.399466   -1448.046795
   19    0.594   -1454.183607   -1453.758321   -1453.445722
   20    0.625   -1459.517133   -1459.097095   -1458.582865
   21    0.656   -1464.951066   -1464.560333   -1464.028457
   22    0.688   -1470.193104   -1469.884498   -1469.568496
   23    0.719   -1475.488113   -1475.279801   -1474.976007
   24    0.750   -1481.221789   -1480.691283   -1480.429104
   25    0.781   -1486.302110   -1486.116423   -1485.778860
   26    0.812   -1491.800107   -1491.535911   -1491.000183
   27    0.844   -1497.129061   -1496.962585   -1496.802070
   28    0.875   -1502.531470   -1502.354706   -1502.193012
   29    0.906   -1507.949392   -1507.800331   -1507.688356
   30    0.938   -1513.323486   -1513.236701   -1513.191864
   31    0.969   -1518.648470   -1518.648470   -1518.648470
   32    1.000   -1524.078536   -1524.078536   -1524.078536

Incremental Voltage (vs Li/Li+)
--------------------------------------------------------------
 x1 -> x2      V_min (V)     V_avg (V)     V_max (V)
0.000->0.031       3.2352        3.2352        3.2352
0.031->0.062       3.2976        3.2394        3.1555
0.062->0.094       3.3379        3.2714        3.2113
0.094->0.125       3.3883        3.3235        3.2908
0.125->0.156       3.3247        3.2617        3.2501
0.156->0.188       3.4417        3.3407        3.2682
0.188->0.219       3.3441        3.3246        3.0556
0.219->0.250       3.2464        3.4028        3.6343
0.250->0.281       3.4536        3.3036        3.1348
0.281->0.312       3.3518        3.3562        3.4529
0.312->0.344       3.5786        3.3846        3.1482
0.344->0.375       3.3729        3.4449        3.3048
0.375->0.406       3.3056        3.4415        3.7473
0.406->0.438       3.5815        3.4176        3.4594
0.438->0.469       3.3861        3.4204        3.3196
0.469->0.500       3.4810        3.4162        3.2936
0.500->0.531       3.3085        3.4779        3.6658
0.531->0.562       3.5292        3.5052        3.5870
0.562->0.594       3.4854        3.4578        3.4978
0.594->0.625       3.4324        3.4377        3.2361
0.625->0.656       3.5328        3.5621        3.5445
0.656->0.688       3.3409        3.4231        3.6390
0.688->0.719       3.3939        3.4942        3.5064
0.719->0.750       3.8326        3.5104        3.5520
0.750->0.781       3.1792        3.5241        3.4487
0.781->0.812       3.5969        3.5184        3.3202
0.812->0.844       3.4279        3.5256        3.9008
0.844->0.875       3.5013        3.4910        3.4899
0.875->0.906       3.5168        3.5445        3.5943
0.906->0.938       3.4730        3.5353        3.6024
0.938->0.969       3.4239        3.5107        3.5555
0.969->1.000       3.5290        3.5290        3.5290

Fitted OCV parameters(Afshar2017 form)
---------------------------

MIN voltage fit:
a=3.330498, b=0.190245, c=26.674398, d=-3705.609554, e=6.175277, f=-403.977249

AVG voltage fit:
a=285.444467, b=13.532261, c=28.280877, d=-3829.698973, e=-295.450821, f=-0.045817

MAX voltage fit:
a=3.183988, b=0.658577, c=40.690439, d=-5326.968668, e=-0.286385, f=-3.136543
