
Composition Table (Energy Statistics)
-------------------------------------------------------------------
 n_Li     x        E_min (eV)      E_avg (eV)      E_max (eV)
-------------------------------------------------------------------
    0    0.000   -4567.889106   -4567.889106   -4567.889106
    1    0.009   -4573.099320   -4573.099320   -4573.099320
    2    0.019   -4578.416345   -4578.324264   -4578.308624
    3    0.028   -4583.635058   -4583.533943   -4583.517153
    4    0.037   -4588.836849   -4588.746451   -4588.723455
    5    0.046   -4594.065243   -4593.980120   -4593.930204
    6    0.056   -4599.274914   -4599.180574   -4599.140637
    7    0.065   -4604.593990   -4604.412694   -4604.349704
    8    0.074   -4609.829411   -4609.650601   -4609.553597
    9    0.083   -4615.233216   -4614.893721   -4614.768339
   10    0.093   -4620.319400   -4620.111877   -4619.980958
   11    0.102   -4625.480213   -4625.299610   -4625.189423
   12    0.111   -4630.746852   -4630.554084   -4630.427267
   13    0.120   -4635.994797   -4635.773709   -4635.620544
   14    0.130   -4641.393241   -4641.035421   -4640.817010
   15    0.139   -4646.524649   -4646.260706   -4646.057136
   16    0.148   -4651.829408   -4651.523253   -4651.279030
   17    0.157   -4657.148260   -4656.787021   -4656.498631
   18    0.167   -4662.255794   -4662.001924   -4661.803712
   19    0.176   -4667.573931   -4667.243280   -4666.929145
   20    0.185   -4672.807459   -4672.545167   -4672.175788
   21    0.194   -4678.137122   -4677.854569   -4677.497467
   22    0.204   -4683.456171   -4683.058608   -4682.719420
   23    0.213   -4688.736900   -4688.346668   -4687.943994
   24    0.222   -4693.973623   -4693.557930   -4693.312283
   25    0.231   -4699.208051   -4698.866578   -4698.430514
   26    0.241   -4704.765520   -4704.167411   -4703.877367
   27    0.250   -4709.790400   -4709.405054   -4709.106596
   28    0.259   -4715.149026   -4714.677666   -4714.320244
   29    0.269   -4720.299523   -4719.924387   -4719.556324
   30    0.278   -4725.657546   -4725.148512   -4724.778101
   31    0.287   -4730.894726   -4730.470785   -4729.992741
   32    0.296   -4736.402451   -4735.790234   -4735.197367
   33    0.306   -4741.435014   -4741.126964   -4740.592181
   34    0.315   -4746.766953   -4746.331900   -4745.604978
   35    0.324   -4752.078397   -4751.677293   -4751.370485
   36    0.333   -4757.278603   -4756.896871   -4756.448789
   37    0.343   -4762.696181   -4762.283404   -4761.763170
   38    0.352   -4767.828070   -4767.522963   -4767.103735
   39    0.361   -4773.306618   -4772.757381   -4772.080771
   40    0.370   -4778.610255   -4778.108666   -4777.634959
   41    0.380   -4783.817620   -4783.391997   -4782.997267
   42    0.389   -4789.281687   -4788.712313   -4788.230943
   43    0.398   -4794.499656   -4794.112207   -4793.399915
   44    0.407   -4800.020614   -4799.381175   -4798.927413
   45    0.417   -4805.323224   -4804.641099   -4804.150317
   46    0.426   -4810.593738   -4809.998358   -4809.440372
   47    0.435   -4815.581985   -4815.156883   -4814.715309
   48    0.444   -4821.202534   -4820.640752   -4820.034942
   49    0.454   -4826.364822   -4825.902330   -4825.551027
   50    0.463   -4831.657979   -4831.245362   -4830.836327
   51    0.472   -4837.128415   -4836.529749   -4835.950954
   52    0.481   -4842.373897   -4841.765226   -4841.110026
   53    0.491   -4847.716481   -4847.161189   -4846.743942
   54    0.500   -4853.307644   -4852.462507   -4851.871873
   55    0.509   -4858.448786   -4857.880872   -4857.209150
   56    0.519   -4863.721832   -4863.242691   -4862.708174
   57    0.528   -4869.160468   -4868.635533   -4868.092517
   58    0.537   -4874.399816   -4873.879158   -4873.476553
   59    0.546   -4879.857758   -4879.266930   -4878.841813
   60    0.556   -4885.256939   -4884.647898   -4884.099893
   61    0.565   -4890.545070   -4889.947697   -4889.386597
   62    0.574   -4895.749127   -4895.292695   -4894.560756
   63    0.583   -4901.212096   -4900.679689   -4900.201088
   64    0.593   -4906.504167   -4905.996348   -4905.220852
   65    0.602   -4911.851830   -4911.457814   -4911.097493
   66    0.611   -4917.311954   -4916.643640   -4915.810562
   67    0.620   -4922.703721   -4922.083382   -4921.623398
   68    0.630   -4927.950206   -4927.388871   -4926.900884
   69    0.639   -4933.448878   -4932.818128   -4932.205694
   70    0.648   -4938.903879   -4938.173324   -4937.799965
   71    0.657   -4944.227942   -4943.621517   -4943.153986
   72    0.667   -4949.429804   -4948.887285   -4948.243435
   73    0.676   -4954.760168   -4954.281893   -4953.849952
   74    0.685   -4960.080338   -4959.649142   -4959.272052
   75    0.694   -4965.460080   -4965.031670   -4964.660904
   76    0.704   -4970.953231   -4970.388667   -4969.885230
   77    0.713   -4976.429051   -4975.852451   -4975.388175
   78    0.722   -4981.784978   -4981.194221   -4980.829590
   79    0.731   -4987.034632   -4986.566736   -4986.176700
   80    0.741   -4992.320498   -4991.937629   -4991.444281
   81    0.750   -4997.717369   -4997.397181   -4997.023508
   82    0.759   -5003.283238   -5002.782014   -5002.357144
   83    0.769   -5008.484112   -5008.112838   -5007.649339
   84    0.778   -5013.965212   -5013.627355   -5013.268512
   85    0.787   -5019.348894   -5018.958469   -5018.674449
   86    0.796   -5024.660728   -5024.334882   -5023.968470
   87    0.806   -5030.095800   -5029.753845   -5029.407162
   88    0.815   -5035.597678   -5035.190489   -5034.857171
   89    0.824   -5040.805703   -5040.588336   -5040.340428
   90    0.833   -5046.424711   -5045.987696   -5045.685932
   91    0.843   -5051.771033   -5051.375317   -5051.100786
   92    0.852   -5057.132658   -5056.819507   -5056.564121
   93    0.861   -5062.476663   -5062.235011   -5061.993762
   94    0.870   -5067.901677   -5067.701225   -5067.448672
   95    0.880   -5073.223171   -5073.046480   -5072.893327
   96    0.889   -5078.721046   -5078.458036   -5078.305097
   97    0.898   -5084.119882   -5083.919689   -5083.807361
   98    0.907   -5089.472390   -5089.337538   -5089.235523
   99    0.917   -5094.914068   -5094.763119   -5094.677253
  100    0.926   -5100.348551   -5100.193769   -5100.117407
  101    0.935   -5105.831037   -5105.640050   -5105.560826
  102    0.944   -5111.247007   -5111.094491   -5111.029844
  103    0.954   -5116.597346   -5116.512245   -5116.477818
  104    0.963   -5122.046757   -5121.949397   -5121.925290
  105    0.972   -5127.494474   -5127.410342   -5127.374091
  106    0.981   -5132.852143   -5132.836534   -5132.831480
  107    0.991   -5138.282639   -5138.282639   -5138.282639
  108    1.000   -5143.730780   -5143.730780   -5143.730780

Incremental Voltage (vs Li/Li+)
--------------------------------------------------------------
 x1 -> x2      V_min (V)     V_avg (V)     V_max (V)
0.000->0.009       3.3091        3.3091        3.3091
0.009->0.019       3.4159        3.3239        3.3082
0.019->0.028       3.3176        3.3086        3.3074
0.028->0.037       3.3007        3.3114        3.3052
0.037->0.046       3.3273        3.3326        3.3057
0.046->0.056       3.3086        3.2994        3.3093
0.056->0.065       3.4180        3.3310        3.3080
0.065->0.074       3.3343        3.3368        3.3028
0.074->0.083       3.5027        3.3420        3.3137
0.083->0.093       3.1851        3.3171        3.3115
0.093->0.102       3.2597        3.2866        3.3074
0.102->0.111       3.3656        3.3534        3.3368
0.111->0.120       3.3469        3.3185        3.2922
0.120->0.130       3.4974        3.3606        3.2954
0.130->0.139       3.2303        3.3242        3.3390
0.139->0.148       3.4037        3.3615        3.3208
0.148->0.157       3.4178        3.3627        3.3185
0.157->0.167       3.2064        3.3138        3.4040
0.167->0.176       3.4170        3.3403        3.2243
0.176->0.185       3.3324        3.4008        3.3456
0.185->0.194       3.4286        3.4083        3.4206
0.194->0.204       3.4180        3.3030        3.3209
0.204->0.213       3.3796        3.3870        3.3235
0.213->0.222       3.3356        3.3102        3.4672
0.222->0.231       3.3333        3.4076        3.2171
0.231->0.241       3.6564        3.3997        3.5458
0.241->0.250       3.1238        3.3366        3.3281
0.250->0.259       3.4575        3.3715        3.3126
0.259->0.269       3.2494        3.3456        3.3350
0.269->0.278       3.4569        3.3230        3.3207
0.278->0.287       3.3361        3.4212        3.3136
0.287->0.296       3.6066        3.4184        3.3035
0.296->0.306       3.1315        3.4356        3.4937
0.306->0.315       3.4309        3.3038        3.1117
0.315->0.324       3.4104        3.4443        3.8644
0.324->0.333       3.2991        3.3185        3.1772
0.333->0.343       3.5165        3.4854        3.4133
0.343->0.352       3.2308        3.3385        3.4395
0.352->0.361       3.5775        3.3333        3.0759
0.361->0.370       3.4025        3.4502        3.6531
0.370->0.380       3.3063        3.3822        3.4612
0.380->0.389       3.5630        3.4192        3.3326
0.389->0.398       3.3169        3.4988        3.2679
0.398->0.407       3.6199        3.3679        3.6264
0.407->0.417       3.4015        3.3588        3.3218
0.417->0.426       3.3694        3.4562        3.3890
0.426->0.435       3.0872        3.2574        3.3738
0.435->0.444       3.7195        3.5828        3.4185
0.444->0.454       3.2612        3.3605        3.6150
0.454->0.463       3.3921        3.4419        3.3842
0.463->0.472       3.5693        3.3833        3.2135
0.472->0.481       3.3444        3.3344        3.2580
0.481->0.491       3.4415        3.4949        3.7328
0.491->0.500       3.6901        3.4002        3.2268
0.500->0.509       3.2401        3.5173        3.4362
0.509->0.519       3.3720        3.4607        3.5979
0.519->0.528       3.5375        3.4918        3.4833
0.528->0.537       3.3383        3.3425        3.4829
0.537->0.546       3.5569        3.4867        3.4642
0.546->0.556       3.4981        3.4799        3.3570
0.556->0.565       3.3870        3.3987        3.3856
0.565->0.574       3.3030        3.4439        3.2731
0.574->0.583       3.5619        3.4859        3.7392
0.583->0.593       3.3910        3.4156        3.1187
0.593->0.602       3.4466        3.5604        3.9756
0.602->0.611       3.5590        3.2847        2.8120
0.611->0.620       3.4907        3.5387        3.9117
0.620->0.630       3.3454        3.4044        3.3764
0.630->0.639       3.5976        3.5282        3.4037
0.639->0.648       3.5539        3.4541        3.6932
0.648->0.657       3.4230        3.5471        3.4529
0.657->0.667       3.3008        3.3647        3.1884
0.667->0.676       3.4293        3.4935        3.7054
0.676->0.685       3.4191        3.4662        3.5210
0.685->0.694       3.4787        3.4814        3.4878
0.694->0.704       3.5921        3.4559        3.3232
0.704->0.713       3.5747        3.5627        3.6019
0.713->0.722       3.4548        3.4407        3.5403
0.722->0.731       3.3486        3.4714        3.4460
0.731->0.741       3.3848        3.4698        3.3665
0.741->0.750       3.4958        3.5585        3.6781
0.750->0.759       3.6648        3.4837        3.4325
0.759->0.769       3.2998        3.4297        3.3911
0.769->0.778       3.5800        3.6134        3.7181
0.778->0.787       3.4826        3.4300        3.5048
0.787->0.796       3.4107        3.4753        3.3929
0.796->0.806       3.5340        3.5179        3.5376
0.806->0.815       3.6008        3.5356        3.5489
0.815->0.824       3.3069        3.4968        3.5822
0.824->0.833       3.7179        3.4983        3.4444
0.833->0.843       3.4452        3.4865        3.5138
0.843->0.852       3.4605        3.5431        3.5622
0.852->0.861       3.4429        3.5144        3.5286
0.861->0.870       3.5239        3.5651        3.5538
0.870->0.880       3.4204        3.4442        3.5436
0.880->0.889       3.5968        3.5105        3.5107
0.889->0.898       3.4977        3.5606        3.6012
0.898->0.907       3.4514        3.5168        3.5271
0.907->0.917       3.5406        3.5245        3.5406
0.917->0.926       3.5334        3.5296        3.5391
0.926->0.935       3.5814        3.5452        3.5423
0.935->0.944       3.5149        3.5534        3.5679
0.944->0.954       3.4492        3.5167        3.5469
0.954->0.963       3.5483        3.5361        3.5464
0.963->0.972       3.5466        3.5599        3.5477
0.972->0.981       3.4566        3.5251        3.5563
0.981->0.991       3.5294        3.5450        3.5501
0.991->1.000       3.5471        3.5471        3.5471

Fitted OCV parameters(Afshar2017 form)
---------------------------

MIN voltage fit:
a=3.331110, b=0.198582, c=0.008764, d=-43.960139, e=0.067624, f=-285.576853

AVG voltage fit:
a=3.311710, b=0.263653, c=0.005464, d=-49.805228, e=-0.028103, f=-1.835840

MAX voltage fit:
a=3.285429, b=0.292046, c=0.028761, d=-33.922048, e=-0.031989, f=-21.042628
